// Jest Snapshot v1, https://goo.gl/fbAQLP

exports[`Albums component matches a snapshot 1`] = `
<p>
  This artist has no albums.
</p>
`;
