// Jest Snapshot v1, https://goo.gl/fbAQLP

exports[`SearchBar component matches a snapshot 1`] = `
<form
  onSubmit={[Function]}
>
  <input
    onChange={[Function]}
    type="text"
    value="test query"
  />
  <button
    className="button"
  >
    Search
  </button>
</form>
`;
