// Jest Snapshot v1, https://goo.gl/fbAQLP

exports[`App component renders App 1`] = `
<Fragment>
  <BrowserRouter>
    <Switch>
      <Route
        component={[Function]}
        path="/lyrics/:artistName/:albumId/:songId"
      />
      <Route
        component={[Function]}
        path="/tracks/:artistName/:id/:albumId"
      />
      <Route
        component={[Function]}
        path="/artist/:artistName/:id"
      />
      <Route
        component={[Function]}
        exact={true}
        path="/"
      />
    </Switch>
  </BrowserRouter>
</Fragment>
`;
