// Jest Snapshot v1, https://goo.gl/fbAQLP

exports[`Lyrics component matches a snapshot 1`] = `
<div
  className="spinner"
>
  <div
    className="bounce1"
  />
  <div
    className="bounce2"
  />
</div>
`;
