// Jest Snapshot v1, https://goo.gl/fbAQLP

exports[`TracksList component matches a snapshot 1`] = `
<h1>
  Tracks
</h1>
`;
