// Jest Snapshot v1, https://goo.gl/fbAQLP

exports[`Header component matches a snapshot 1`] = `
<Fragment>
  <h1
    className="Header"
  >
    Artist Search
  </h1>
  <SearchBar
    onQueryChange={[Function]}
    onSubmit={[Function]}
  />
  <ArtistList
    artists={Array []}
  />
</Fragment>
`;
